// Jest Snapshot v1, https://goo.gl/fbAQLP

exports[`Render renders correctly 1`] = `
ShallowWrapper {
  "length": 1,
  Symbol(enzyme.__root__): [Circular],
  Symbol(enzyme.__unrendered__): <Campaigns />,
  Symbol(enzyme.__renderer__): Object {
    "batchedUpdates": [Function],
    "getNode": [Function],
    "render": [Function],
    "simulateEvent": [Function],
    "unmount": [Function],
  },
  Symbol(enzyme.__node__): Object {
    "instance": null,
    "key": undefined,
    "nodeType": "class",
    "props": Object {
      "children": <Styled(Header)
        virtual={undefined}
      >
        <Styled(Left)
          virtual={undefined}
        />
        <Styled(Body)
          virtual={undefined}
        >
          <Styled(Title)
            virtual={undefined}
          >
            Campaigns
          </Styled(Title)>
        </Styled(Body)>
        <Styled(Right)
          virtual={undefined}
        />
      </Styled(Header)>,
      "virtual": undefined,
    },
    "ref": null,
    "rendered": Object {
      "instance": null,
      "key": undefined,
      "nodeType": "class",
      "props": Object {
        "children": Array [
          <Styled(Left)
            virtual={undefined}
          />,
          <Styled(Body)
            virtual={undefined}
          >
            <Styled(Title)
              virtual={undefined}
            >
              Campaigns
            </Styled(Title)>
          </Styled(Body)>,
          <Styled(Right)
            virtual={undefined}
          />,
        ],
        "virtual": undefined,
      },
      "ref": null,
      "rendered": Array [
        Object {
          "instance": null,
          "key": undefined,
          "nodeType": "class",
          "props": Object {
            "virtual": undefined,
          },
          "ref": null,
          "rendered": null,
          "type": [Function],
        },
        Object {
          "instance": null,
          "key": undefined,
          "nodeType": "class",
          "props": Object {
            "children": <Styled(Title)
              virtual={undefined}
            >
              Campaigns
            </Styled(Title)>,
            "virtual": undefined,
          },
          "ref": null,
          "rendered": Object {
            "instance": null,
            "key": undefined,
            "nodeType": "class",
            "props": Object {
              "children": "Campaigns",
              "virtual": undefined,
            },
            "ref": null,
            "rendered": "Campaigns",
            "type": [Function],
          },
          "type": [Function],
        },
        Object {
          "instance": null,
          "key": undefined,
          "nodeType": "class",
          "props": Object {
            "virtual": undefined,
          },
          "ref": null,
          "rendered": null,
          "type": [Function],
        },
      ],
      "type": [Function],
    },
    "type": [Function],
  },
  Symbol(enzyme.__nodes__): Array [
    Object {
      "instance": null,
      "key": undefined,
      "nodeType": "class",
      "props": Object {
        "children": <Styled(Header)
          virtual={undefined}
        >
          <Styled(Left)
            virtual={undefined}
          />
          <Styled(Body)
            virtual={undefined}
          >
            <Styled(Title)
              virtual={undefined}
            >
              Campaigns
            </Styled(Title)>
          </Styled(Body)>
          <Styled(Right)
            virtual={undefined}
          />
        </Styled(Header)>,
        "virtual": undefined,
      },
      "ref": null,
      "rendered": Object {
        "instance": null,
        "key": undefined,
        "nodeType": "class",
        "props": Object {
          "children": Array [
            <Styled(Left)
              virtual={undefined}
            />,
            <Styled(Body)
              virtual={undefined}
            >
              <Styled(Title)
                virtual={undefined}
              >
                Campaigns
              </Styled(Title)>
            </Styled(Body)>,
            <Styled(Right)
              virtual={undefined}
            />,
          ],
          "virtual": undefined,
        },
        "ref": null,
        "rendered": Array [
          Object {
            "instance": null,
            "key": undefined,
            "nodeType": "class",
            "props": Object {
              "virtual": undefined,
            },
            "ref": null,
            "rendered": null,
            "type": [Function],
          },
          Object {
            "instance": null,
            "key": undefined,
            "nodeType": "class",
            "props": Object {
              "children": <Styled(Title)
                virtual={undefined}
              >
                Campaigns
              </Styled(Title)>,
              "virtual": undefined,
            },
            "ref": null,
            "rendered": Object {
              "instance": null,
              "key": undefined,
              "nodeType": "class",
              "props": Object {
                "children": "Campaigns",
                "virtual": undefined,
              },
              "ref": null,
              "rendered": "Campaigns",
              "type": [Function],
            },
            "type": [Function],
          },
          Object {
            "instance": null,
            "key": undefined,
            "nodeType": "class",
            "props": Object {
              "virtual": undefined,
            },
            "ref": null,
            "rendered": null,
            "type": [Function],
          },
        ],
        "type": [Function],
      },
      "type": [Function],
    },
  ],
  Symbol(enzyme.__options__): Object {
    "adapter": ReactSixteenAdapter {
      "options": Object {
        "enableComponentDidUpdateOnSetState": true,
      },
    },
  },
}
`;
